[gnodesign.com/templates/cloudify/html/onepage.html]
[backblue.gif]
[fade.gif]
[index.html]
[gnodesign.com/templates/cloudify/html/images/favicon.png]
[gnodesign.com/templates/cloudify/html/images/apple-touch-icon.png]
[gnodesign.com/templates/cloudify/html/css/bootstrap.min.css]
[gnodesign.com/templates/cloudify/html/css/font-awesome.min.css]
[gnodesign.com/templates/cloudify/html/css/swiper.min.css]
[gnodesign.com/templates/cloudify/html/css/owl.carousel.min.css]
[gnodesign.com/templates/cloudify/html/css/style.css]
[gnodesign.com/templates/cloudify/html/css/responsive.css]
[gnodesign.com/templates/cloudify/html/images/clouds/cloud-blue.svg]
[gnodesign.com/templates/cloudify/html/images/clouds/cloud-green.svg]
[gnodesign.com/templates/cloudify/html/index.html]
[gnodesign.com/templates/cloudify/html/images/logo.svg]
[gnodesign.com/templates/cloudify/html/images/img/image1.jpg]
[gnodesign.com/templates/cloudify/html/video/video.jpg]
[gnodesign.com/templates/cloudify/html/video/video.mp4]
[gnodesign.com/templates/cloudify/html/video/video.webm]
[gnodesign.com/templates/cloudify/html/video/video.ogv]
[gnodesign.com/templates/cloudify/html/images/img/about.svg]
[gnodesign.com/templates/cloudify/html/images/clouds/cloud1.svg]
[gnodesign.com/templates/cloudify/html/images/clouds/cloud2.svg]
[gnodesign.com/templates/cloudify/html/images/clouds/cloud3.svg]
[gnodesign.com/templates/cloudify/html/images/icons/cloud-server.svg]
[gnodesign.com/templates/cloudify/html/images/icons/locked.svg]
[gnodesign.com/templates/cloudify/html/images/icons/transfer.svg]
[gnodesign.com/templates/cloudify/html/images/icons/chat1.svg]
[gnodesign.com/templates/cloudify/html/images/icons/customer-service.svg]
[gnodesign.com/templates/cloudify/html/images/icons/optimization.svg]
[gnodesign.com/templates/cloudify/html/images/icons/custom.svg]
[gnodesign.com/templates/cloudify/html/images/icons/pixel-perfect.svg]
[gnodesign.com/templates/cloudify/html/images/icons/responsive-design.svg]
[gnodesign.com/templates/cloudify/html/images/team/team1.jpg]
[gnodesign.com/templates/cloudify/html/images/team/team2.jpg]
[gnodesign.com/templates/cloudify/html/images/team/team3.jpg]
[gnodesign.com/templates/cloudify/html/images/icons/award.svg]
[gnodesign.com/templates/cloudify/html/images/icons/happy.svg]
[gnodesign.com/templates/cloudify/html/images/icons/site.svg]
[gnodesign.com/templates/cloudify/html/images/icons/clock.svg]
[gnodesign.com/templates/cloudify/html/blog-post.html]
[gnodesign.com/templates/cloudify/html/images/blog/blog1.jpg]
[gnodesign.com/templates/cloudify/html/images/blog/blog2.jpg]
[gnodesign.com/templates/cloudify/html/images/blog/blog3.jpg]
[gnodesign.com/templates/cloudify/html/blog-listing.html]
[gnodesign.com/templates/cloudify/html/images/partners/envato-logo.svg]
[gnodesign.com/cdn-cgi/scripts/5c5dd728/cloudflare-static/email-decode.min.js]
[gnodesign.com/templates/cloudify/html/js/jquery-3.1.1.min.js]
[gnodesign.com/templates/cloudify/html/js/bootstrap.min.js]
[gnodesign.com/templates/cloudify/html/js/wow.min.js]
[gnodesign.com/templates/cloudify/html/js/swiper.min.js]
[gnodesign.com/templates/cloudify/html/js/owl.carousel.min.js]
[gnodesign.com/templates/cloudify/html/js/simple-expand.min.js]
[gnodesign.com/templates/cloudify/html/js/jquery.countTo.js]
[gnodesign.com/templates/cloudify/html/js/jquery.inview.min.js]
[gnodesign.com/templates/cloudify/html/js/jquery.easing.min.js]
[gnodesign.com/templates/cloudify/html/js/jquery.nav.js]
[gnodesign.com/templates/cloudify/html/js/jquery.ajaxchimp.js]
[gnodesign.com/templates/cloudify/html/js/jquery-ui.min.js]
[gnodesign.com/templates/cloudify/html/js/jquery.easypiechart.min.js]
[gnodesign.com/templates/cloudify/html/js/jquery.magnific-popup.min.js]
[gnodesign.com/templates/cloudify/html/js/isotope.pkgd.min.js]
[gnodesign.com/templates/cloudify/html/js/custom.js]
[www.google-analytics.com/analytics.js]
[gnodesign.com/templates/cloudify/html/onepage.html]
[gnodesign.com/templates/cloudify/html/images/apple-touch-icon.html]
[gnodesign.com/templates/cloudify/html/fonts/glyphicons-halflings-regular.eot]
[gnodesign.com/templates/cloudify/html/fonts/glyphicons-halflings-regulard41d.eot]
[gnodesign.com/templates/cloudify/html/fonts/glyphicons-halflings-regular.woff2]
[gnodesign.com/templates/cloudify/html/fonts/glyphicons-halflings-regular.woff]
[gnodesign.com/templates/cloudify/html/fonts/glyphicons-halflings-regular.ttf]
[gnodesign.com/templates/cloudify/html/fonts/glyphicons-halflings-regular.svg]
[gnodesign.com/templates/cloudify/html/css/bootstrap.min.css]
[gnodesign.com/templates/cloudify/html/fonts/fontawesome-webfonte0a5.eot]
[gnodesign.com/templates/cloudify/html/fonts/fontawesome-webfontd41d.eot]
[gnodesign.com/templates/cloudify/html/fonts/fontawesome-webfonte0a5.woff2]
[gnodesign.com/templates/cloudify/html/fonts/fontawesome-webfonte0a5.woff]
[gnodesign.com/templates/cloudify/html/fonts/fontawesome-webfonte0a5.ttf]
[gnodesign.com/templates/cloudify/html/css/font-awesome.min.css]
[gnodesign.com/templates/cloudify/html/css/swiper.min.css]
[gnodesign.com/templates/cloudify/html/fonts/fontawesome-webfonte0a5.svg]
[gnodesign.com/templates/cloudify/html/css/owl.video.play.png]
[gnodesign.com/templates/cloudify/html/css/owl.carousel.min.css]
[gnodesign.com/templates/cloudify/html/css/animate.css]
[gnodesign.com/templates/cloudify/html/css/magnific-popup.css]
[gnodesign.com/templates/cloudify/html/images/icons/home-lineart.svg]
[gnodesign.com/templates/cloudify/html/images/img/image2.png]
[gnodesign.com/templates/cloudify/html/images/clouds/cloud-dark.svg]
[gnodesign.com/templates/cloudify/html/images/img/image3.jpg]
[gnodesign.com/templates/cloudify/html/css/style.css]
[gnodesign.com/templates/cloudify/html/css/responsive.css]
[gnodesign.com/templates/cloudify/html/images/clouds/cloud-blue.svg]
[gnodesign.com/templates/cloudify/html/images/clouds/cloud-green.svg]
[gnodesign.com/templates/cloudify/html/index-02.html]
[gnodesign.com/templates/cloudify/html/onepage-02.html]
[gnodesign.com/templates/cloudify/html/about-us.html]
[gnodesign.com/templates/cloudify/html/services.html]
[gnodesign.com/templates/cloudify/html/hosting.html]
[gnodesign.com/templates/cloudify/html/faq.html]
[gnodesign.com/templates/cloudify/html/cart.html]
[gnodesign.com/templates/cloudify/html/domain.html]
[gnodesign.com/templates/cloudify/html/testimonials.html]
[gnodesign.com/templates/cloudify/html/pricing.html]
[gnodesign.com/templates/cloudify/html/404.html]
[gnodesign.com/templates/cloudify/html/coming-soon.html]
[gnodesign.com/templates/cloudify/html/login.html]
[gnodesign.com/templates/cloudify/html/register.html]
[gnodesign.com/templates/cloudify/html/portfolio-4column.html]
[gnodesign.com/templates/cloudify/html/portfolio-3column.html]
[gnodesign.com/templates/cloudify/html/portfolio-2column.html]
[gnodesign.com/templates/cloudify/html/contact1.html]
[gnodesign.com/templates/cloudify/html/index.html]
[gnodesign.com/templates/cloudify/html/images/logo.svg]
[gnodesign.com/templates/cloudify/html/images/img/about.svg]
[gnodesign.com/templates/cloudify/html/images/clouds/cloud1.svg]
[gnodesign.com/templates/cloudify/html/images/clouds/cloud2.svg]
[gnodesign.com/templates/cloudify/html/images/clouds/cloud3.svg]
[gnodesign.com/templates/cloudify/html/images/icons/cloud-server.svg]
[gnodesign.com/templates/cloudify/html/images/icons/locked.svg]
[gnodesign.com/templates/cloudify/html/images/icons/transfer.svg]
[gnodesign.com/templates/cloudify/html/images/icons/chat1.svg]
[gnodesign.com/templates/cloudify/html/images/icons/customer-service.svg]
[gnodesign.com/templates/cloudify/html/images/icons/optimization.svg]
[gnodesign.com/templates/cloudify/html/images/icons/custom.svg]
[gnodesign.com/templates/cloudify/html/images/icons/pixel-perfect.svg]
[gnodesign.com/templates/cloudify/html/images/icons/responsive-design.svg]
[gnodesign.com/templates/cloudify/html/images/icons/award.svg]
[gnodesign.com/templates/cloudify/html/images/icons/happy.svg]
[gnodesign.com/templates/cloudify/html/images/icons/site.svg]
[gnodesign.com/templates/cloudify/html/images/icons/clock.svg]
[gnodesign.com/templates/cloudify/html/contact2.html]
[gnodesign.com/templates/cloudify/html/images/blog/blog4.jpg]
[gnodesign.com/templates/cloudify/html/blog-post.html]
[gnodesign.com/templates/cloudify/html/images/blog/blog5.jpg]
[gnodesign.com/templates/cloudify/html/blog-listing.html]
[gnodesign.com/templates/cloudify/html/images/partners/envato-logo.svg]
[gnodesign.com/templates/cloudify/html/fonts/glyphicons-halflings-regular.html]
[gnodesign.com/templates/cloudify/html/fonts/glyphicons-halflings-regulard41d.html]
[gnodesign.com/templates/cloudify/html/fonts/glyphicons-halflings-regular-2.html]
[gnodesign.com/templates/cloudify/html/fonts/glyphicons-halflings-regular-3.html]
[gnodesign.com/templates/cloudify/html/fonts/glyphicons-halflings-regular-4.html]
[gnodesign.com/templates/cloudify/html/fonts/glyphicons-halflings-regular-5.html]
[gnodesign.com/templates/cloudify/html/fonts/fontawesome-webfonte0a5.svg]
[gnodesign.com/templates/cloudify/html/css/owl.video.play.html]
[gnodesign.com/templates/cloudify/html/css/animate.css]
[gnodesign.com/templates/cloudify/html/css/magnific-popup.css]
[gnodesign.com/templates/cloudify/html/images/icons/home-lineart.svg]
[gnodesign.com/templates/cloudify/html/images/clouds/cloud-dark.svg]
[gnodesign.com/templates/cloudify/html/images/icons/domain.svg]
[gnodesign.com/templates/cloudify/html/images/icons/pricing-plan.svg]
[gnodesign.com/templates/cloudify/html/images/icons/upload.svg]
[gnodesign.com/templates/cloudify/html/index-02.html]
[gnodesign.com/templates/cloudify/html/onepage-02.html]
[gnodesign.com/templates/cloudify/html/about-us.html]
[gnodesign.com/templates/cloudify/html/images/icons/hosting.svg]
[gnodesign.com/templates/cloudify/html/css/jquery-ui.min.css]
[gnodesign.com/templates/cloudify/html/services.html]
[gnodesign.com/templates/cloudify/html/hosting.html]
[gnodesign.com/templates/cloudify/html/faq.html]
[gnodesign.com/templates/cloudify/html/cart.html]
[gnodesign.com/templates/cloudify/html/images/icons/webdesign.svg]
[gnodesign.com/templates/cloudify/html/images/img/ad.jpg]
[gnodesign.com/templates/cloudify/html/domain.html]
[gnodesign.com/templates/cloudify/html/testimonials.html]
[gnodesign.com/templates/cloudify/html/pricing.html]
[gnodesign.com/templates/cloudify/html/404.html]
[gnodesign.com/templates/cloudify/html/images/logo-white.svg]
[gnodesign.com/templates/cloudify/html/coming-soon.html]
[gnodesign.com/templates/cloudify/html/login.html]
[gnodesign.com/templates/cloudify/html/register.html]
[gnodesign.com/templates/cloudify/html/js/countdown.js]
[gnodesign.com/templates/cloudify/html/images/portfolio/image1.jpg]
[gnodesign.com/templates/cloudify/html/images/portfolio/image2.jpg]
[gnodesign.com/templates/cloudify/html/images/portfolio/image3.jpg]
[gnodesign.com/templates/cloudify/html/images/portfolio/image4.jpg]
[gnodesign.com/templates/cloudify/html/images/portfolio/image5.jpg]
[gnodesign.com/templates/cloudify/html/images/portfolio/image6.jpg]
[gnodesign.com/templates/cloudify/html/images/portfolio/image7.jpg]
[gnodesign.com/templates/cloudify/html/images/portfolio/image8.jpg]
[gnodesign.com/templates/cloudify/html/portfolio-4column.html]
[gnodesign.com/templates/cloudify/html/images/portfolio/image9.jpg]
[gnodesign.com/templates/cloudify/html/portfolio-3column.html]
[gnodesign.com/templates/cloudify/html/portfolio-2column.html]
[gnodesign.com/templates/cloudify/html/contact1.html]
[gnodesign.com/templates/cloudify/html/contact2.html]
[gnodesign.com/templates/cloudify/html/images/icons/domain.svg]
[gnodesign.com/templates/cloudify/html/images/icons/pricing-plan.svg]
[gnodesign.com/templates/cloudify/html/images/icons/upload.svg]
[gnodesign.com/templates/cloudify/html/images/icons/hosting.svg]
[gnodesign.com/templates/cloudify/html/css/images/ui-icons_444444_256x240.png]
[gnodesign.com/templates/cloudify/html/css/images/ui-icons_555555_256x240.png]
[gnodesign.com/templates/cloudify/html/css/images/ui-icons_ffffff_256x240.png]
[gnodesign.com/templates/cloudify/html/css/images/ui-icons_777620_256x240.png]
[gnodesign.com/templates/cloudify/html/css/images/ui-icons_cc0000_256x240.png]
[gnodesign.com/templates/cloudify/html/css/images/ui-icons_777777_256x240.png]
[gnodesign.com/templates/cloudify/html/css/jquery-ui.min.css]
[gnodesign.com/templates/cloudify/html/images/icons/webdesign.svg]
[gnodesign.com/templates/cloudify/html/images/logo-white.svg]
[gnodesign.com/templates/cloudify/html/css/images/ui-icons_444444_256x240.html]
[gnodesign.com/templates/cloudify/html/css/images/ui-icons_555555_256x240.html]
[gnodesign.com/templates/cloudify/html/css/images/ui-icons_ffffff_256x240.html]
[gnodesign.com/templates/cloudify/html/css/images/ui-icons_777620_256x240.html]
[gnodesign.com/templates/cloudify/html/css/images/ui-icons_cc0000_256x240.html]
[gnodesign.com/templates/cloudify/html/css/images/ui-icons_777777_256x240.html]
